2025-06-10 18:05:00 | WARN | repo=pv243-a4m36jee-2016-infinispan-seminar-autumn | action=pull
2025-01-28 11:50:00 | INFO | repo=pv243-a4m36jee-2016-infinispan-seminar-autumn | action=commit
2025-08-18 13:08:00 | WARN | repo=pv243-a4m36jee-2016-infinispan-seminar-autumn | action=commit
2025-02-26 08:02:00 | WARN | repo=pv243-a4m36jee-2016-infinispan-seminar-autumn | action=commit
2025-05-13 16:14:00 | INFO | repo=pv243-a4m36jee-2016-infinispan-seminar-autumn | action=commit
2025-11-10 17:45:00 | WARN | repo=pv243-a4m36jee-2016-infinispan-seminar-autumn | action=edit | files=2
2025-02-17 11:55:00 | INFO | repo=pv243-a4m36jee-2016-infinispan-seminar-autumn | action=commit
2025-07-11 18:49:00 | DEBUG | repo=pv243-a4m36jee-2016-infinispan-seminar-autumn | action=commit
2025-01-20 17:23:00 | DEBUG | repo=pv243-a4m36jee-2016-infinispan-seminar-autumn | action=commit
2025-05-01 18:03:00 | DEBUG | repo=pv243-a4m36jee-2016-infinispan-seminar-autumn | action=commit
2025-12-09 08:15:00 | DEBUG | repo=pv243-a4m36jee-2016-infinispan-seminar-autumn | action=commit
2025-05-11 21:16:00 | INFO | repo=pv243-a4m36jee-2016-infinispan-seminar-autumn | action=commit
2025-10-28 09:57:00 | WARN | repo=pv243-a4m36jee-2016-infinispan-seminar-autumn | action=commit
2025-09-26 18:17:00 | WARN | repo=pv243-a4m36jee-2016-infinispan-seminar-autumn | action=test | passed=true
2025-12-23 17:12:00 | DEBUG | repo=pv243-a4m36jee-2016-infinispan-seminar-autumn | action=commit
2025-11-26 21:02:00 | DEBUG | repo=pv243-a4m36jee-2016-infinispan-seminar-autumn | action=commit
2025-12-16 15:52:00 | WARN | repo=pv243-a4m36jee-2016-infinispan-seminar-autumn | action=commit
2025-10-20 14:07:00 | DEBUG | repo=pv243-a4m36jee-2016-infinispan-seminar-autumn | action=commit
2025-06-26 12:34:00 | INFO | repo=pv243-a4m36jee-2016-infinispan-seminar-autumn | action=commit
2025-07-26 17:04:00 | INFO | repo=pv243-a4m36jee-2016-infinispan-seminar-autumn | action=edit | files=1
2025-09-17 09:51:00 | DEBUG | repo=pv243-a4m36jee-2016-infinispan-seminar-autumn | action=commit
2025-03-02 08:47:00 | DEBUG | repo=pv243-a4m36jee-2016-infinispan-seminar-autumn | action=test | passed=true
2025-06-25 08:39:00 | INFO | repo=pv243-a4m36jee-2016-infinispan-seminar-autumn | action=commit
2025-07-06 20:17:00 | INFO | repo=pv243-a4m36jee-2016-infinispan-seminar-autumn | action=commit
2025-06-19 07:39:00 | DEBUG | repo=pv243-a4m36jee-2016-infinispan-seminar-autumn | action=commit
2025-12-02 10:29:00 | WARN | repo=pv243-a4m36jee-2016-infinispan-seminar-autumn | action=commit
